// Jest Snapshot v1, https://goo.gl/fbAQLP

exports[`should render sign in page component 1`] = `ShallowWrapper {}`;
