// Jest Snapshot v1, https://goo.gl/fbAQLP

exports[`Order Page should render the Order Page component 1`] = `ShallowWrapper {}`;
